<!DOCTYPE html>
<html lang="en">
<head><title>title</title></head>
<body><h1>first headline</h1></body>
</html>
