<?xml version="1.0" encoding="utf-8"?>
<list>
  <item>item #1</item>
  <item>item #2</item>
</list>
